1	3	*	*	*
2	ce	Y	barley.01	*
3	gur	*	*	*
4	lugal	*	*	*
5	gur	*	*	*

1	cagal	*	*
2	udu	*	*

1	ki	*	*
2	lukalata	*	*

1	kicib	Y	seal.01	*
2	lumelam	*	*	(A1*)

1	giri	*	*
2	amarcuba	*	*

1	mu	*	*	(A1*
2	cacrum	*	*	*)
3	bahul	Y	destroy.01	*

1	lumelam	*	*

1	dubsar	*	*

1	dumu	Y	son.01	(A0*)
2	X	*	*	(A1*)

1	pisanduba	*	*

1	udu	*	*

1	girsu	*	*

1	u	*	*

1	igal	*	*

1	mu	*	*

1	3	*	*
2	udu	*	*

1	3	*	*
2	u	*	*

1	3	*	*
2	ud	*	*

1	emuhaldim	*	*

1	u	*	*
2	3kam	*	*

1	ziga	Y	book.01	*

1	ki	*	*

1	iti	*	*
2	akiti	*	*

1	mu	*	*	(A0*
2	usa	*	*	*
3	mu	*	*	*
4	kimac	*	*	*)
5	bahul	Y	destroy.01	*

1	ninsuana	*	*

1	ninani	*	*

1	culgi	*	*

1	nita	*	*
2	kalga	*	*

1	lugal	Y	king.01	*
2	urima	*	*	(A1*)

1	kiengi	*	*	*
2	lugal	Y	king.01	*
3	kiengi	*	*	(A1*
4	kiurike	*	*	*)

1	eani	Y	temple.01	*

1	munadu	Y	build.01	*

1	luduga	*	*

1	lugalkugani	*	*

1	lugirizal	*	*

1	3	*	*
2	bibia	*	*

1	cecpada	*	*

1	ikala	*	*

1	3	*	*
2	lugalgigire	*	*

1	X	*	*

1	3	*	*	(A0*
2	dumu	Y	son.01	*)
3	urictaran	*	*	(A1*)

1	lugalitida	*	*

1	3	*	*

1	e	Y	house	*
2	cara	*	*	(A1*)

1	lugalcunire	*	*

1	lusuen	*	*

1	manzizi	*	*

1	e	Y	hosue.01	*
2	ninura	*	*	(A1*)

1	ceckala	*	*

1	lugalhegal	*	*

1	emah	*	*

1	dingiram	*	*

1	3	*	*	(A0*
2	dumu	Y	son.01	*)
3	urgigir	*	*	(A1*)

1	e	Y	hosue.01	*
2	culgira	*	*	(A1*)

1	lucara	*	*

1	gigiga	*	*

1	e	Y	hosue.01	*
2	amarsuen	*	*	(A1*)

1	X	*	*

1	X	*	*

1	e	Y	house	*
2	cusuen	*	*	(A1*)

1	nabasa	*	*

1	ekas	*	*
2	anzagar	*	*

1	adudu	*	*

1	ekas	Y	waystation.01	*
2	umma	*	*	(A1*)



1	cuku	*	*


1	3	*	*	*

1	u	*	*	*






1	mu	*	*	*








1	3	*	*

1	3	*	*

1	3	*	*	*

1	3	*	*


1	X	*	*


1	mu	*	*	*





1	3	*	*







1	mu	*	*	*




1	gida	*	*







1	mu	*	*


1	kalga	*	*

1	lugal	*	*

1	lugal	Y	king.02	*
2	an	*	*	(A1*)
























1	eriduta	*	*

1	cara	*	*

1	mu	Y	“.01	*




1	girisega	*	*

1	sagapin	*	*

1	erin	*	*

1	e	*	*

1	igal	*	*

1	mu	*	*








1	3	*	*


1	simackumce	*	*

1	lugal	*	*	*




1	mu	*	*


1	kalga	*	*

1	lugal	*	*








1	ca	*	*























1	sa	*	*

1	ensi	*	*

1	igal	*	*


1	3	*	*




1	mu	Y	“.01	*





1	3	*	*	*

1	3	*	*

1	gur	*	*



1	3	*	*	*

1	3	*	*	*	*

1	3	*	*

1	u	*	*	*

1	3	*	*

1	ugula	*	*




1	3	*	*	*
















1	3	*	*	(A1*
2	udu	*	*	*
3	niga	Y	barley-fed.01	*)

1	3	*	*	(A1*
2	udu	*	*	*)
3	niga	Y	barley-fed.01	*

1	3	*	*	(A1*
2	udu	*	*	*
3	niga	Y	barley-fed.01	*)



1	3	*	*	(A1*
2	udu	*	*	*)
3	niga	Y	barley-fed.01	*

1	3	*	*	(A1*
2	udu	*	*	*
3	niga	Y	barley-fed.01	*)

1	3	*	*	(A1*
2	udu	*	*	*
3	niga	Y	barley-fed.01	*)






1	mu	*	*



1	u	*	*

1	dugan	*	*

1	kicib	*	*

1	ki	*	*

1	akitita	*	*

1	ezemninazuce	*	*

1	3kam	*	*

1	mu	*	*








1	cecani	*	*

1	3kam	*	*

1	igal	*	*

1	mu	*	*

1	mu	*	*



1	guapin	*	*

1	udu	*	*

1	udu	*	*

1	u	*	*

1	igal	*	*

1	mu	*	*











1	u	*	*
2	3ce	*	*

1	u	*	*
2	3ce	*	*

1	u	*	*
2	3ce	*	*






1	gur	*	*
2	lugal	*	*









1	hunga	*	*


1	nubanda	*	*




1	hunga	*	*


1	nubanda	*	*




1	3ce	*	*
2	erin	*	*
3	3ce	*	*
4	3ta	*	*
5	u	*	*
6	3ce	*	*
7	3ta	*	*

1	u	*	*
2	erin	*	*
3	u	*	*
4	3ta	*	*
5	u	*	*
6	3ce	*	*

1	3ce	*	*
2	erin	*	*
3	3ce	*	*
4	3ta	*	*
5	u	*	*
6	3ce	*	*
7	3ta	*	*

1	gur	*	*






1	dumu	*	*	*	*















1	3	*	*


1	ki	*	*

1	erin	*	*































1	gur	*	*







1	u	*	*
2	3ce	*	*










1	X	*	*





1	X	*	*

1	X	*	*




1	X	*	*	*


1	cunigin	*	*	*
2	u	*	*	*
3	3ce	*	*	*

1	cunigin	*	*	*
2	u	*	*	*
3	3ce	*	*	*

1	cunigin	*	*	*
2	u	*	*	*
3	3ce	*	*	*

1	cunigin	*	*
2	3	*	*

1	bala	*	*	(A1*
2	guba	Y	station.01	*)


1	3	*	*



1	X	Y	….01	*

1	cunigin	*	*
2	3	*	*
3	X	*	*



1	abi	*	*	*
2	X	*	*	*

1	X	*	*

1	X	*	*

1	X	*	*

1	X	*	*

1	X	*	*










1	nubanda	*	*


1	u	*	*	*


1	e	*	*	*



1	e	*	*	*

1	X	*	*

1	3	*	*
2	X	*	*

1	3	*	*	*	*
2	nindata	*	*	*	*

1	guruc	*	*
2	3	*	*


1	*	*	*	*

1	3	*	*	*

1	3	*	*



1	3	*	*
2	nindata	*	*

1	3	*	*

1	3	*	*	*
2	3ce	*	*	*





1	cunigin	*	*
2	3	*	*
3	3ce	*	*

1	cunigin	*	*
2	u	*	*
3	3ce	*	*

1	cunigin	*	*
2	u	*	*
3	ugIL	*	*
4	u	*	*
5	3ce	*	*

1	cunigin	*	*
2	3	*	*
3	3ce	*	*


















1	cunigin	*	*	*
2	u	*	*	*

1	cunigin	*	*	*
2	u	*	*	*
3	guruc	Y	laborer.01	*
4	u	*	*	(A1*
5	3ce	*	*	*)





















1	lugalkuzu	*	*

1	u	*	*

1	mu	*	*







1	mu	Y	“.01	*


1	3	*	*

1	situm	*	*	*




1	mu	*	*

1	laia	*	*	*

1	situm	*	*	*




1	mu	*	*



1	X	*	*	*



1	kicib	*	*

1	X	*	*



1	igal	*	*

1	mu	*	*


1	kalga	*	*

1	lugal	*	*

1	lugal	Y	king.02	*
2	an	*	*	(A1*)





1	3	*	*	*









1	3	*	*	*















1	mu	*	*
2	en	*	*




1	u	*	*

1	dugan	*	*

1	ki	*	*

1	mu	*	*

1	igal	*	*


1	kalga	*	*

1	lugal	*	*

1	lugal	Y	king.02	*
2	an	*	*	(A1*)



1	lugal	*	*





1	nin	*	*



1	sanga	Y	manager.01	*









1	e	*	*	*

1	mu	*	*	*	*
2	bahulce	*	*	*	*








1	mu	*	*


1	u	*	*




1	ma	*	*	*






1	kunzida	Y	reservoir.01	*
2	i	*	*	(A1*
3	amarsuenitumata	*	*	*)




1	u	*	*	*
2	3ce	*	*	*
3	ma	Y	barge.01	(A1*)

1	u	*	*	*
2	ma	Y	barge.01	(A1*)

1	u	*	*	*	*
2	3ce	*	*	*	*




1	mu	*	*






1	X	*	*













1	kalga	*	*





1	kalga	*	*


1	lugal	Y	king.01	*
2	kiengi	*	*	(A1*)


1	munadu	*	*	*


1	kalga	*	*

1	lugal	*	*

1	lugal	Y	king.02	*
2	an	*	*	(A1*)


















1	cunigin	*	*
2	3	*	*
3		*	*
4	kac	*	*
5	cunigin	*	*
6	3	*	*
7		*	*

1	cunigin	*	*
2	3	*	*
3	sila	*	*
4	cunigin	*	*
5	3	*	*
6	sila	*	*

1	iti	*	*	*





1	u	*	*

1	e	*	*

1	ugula	*	*

1	igal	*	*

1	3kam	*	*

1	mu	*	*

1	ezemdumuzi	*	*

1	mu	*	*

1	3kam	*	*

1	igal	*	*



1	u	*	*

1	igal	*	*



1	dub	*	*






1	kalga	*	*

1	lugal	*	*

1	lugal	Y	king.02	*
2	an	*	*	(A1*)





1	giri	*	*

1	igal	*	*






1	3	*	*	(A0*)
2	gu	Y	grain-f.01	*
3	niga	*	*	*
4	gu	*	*	(AM-MNR*)
5	niga	*	*	*






1	mu	*	*


1	kalga	*	*

1	lugal	*	*

1	lugal	Y	king.02	*
2	an	*	*	(A1*)







1	girsuta	*	*

1	guabace	*	*

1	nigkak	*	*

1	sipa	*	*

1	giri	*	*

1	u	*	*

1	igal	*	*

1	mu	*	*








1	sipaene	*	*

1	igal	*	*


1	3	*	*
2	nubanda	*	*

1	3	*	*
2	nubanda	*	*

1	3	*	*
2	nubanda	*	*

1	3	*	*
2	cunigin	*	*



1	3	*	*

1	3	*	*

1	3	*	*

1	3	*	*

1	3	*	*
2	gir	*	*

1	3	*	*
2	gir	*	*
3	gur	*	*

1	3	*	*

1	3	*	*	*

1	3	*	*
2	emuhaldim	*	*
3	ki	*	*

1	3	*	*
2	ki	*	*

1	3	*	*
2	elunga	*	*
3	ki	*	*

1	3	*	*

1	3	*	*

1	3	*	*

1	3	*	*
2	ziIL	*	*
3	ki	*	*

1	3	*	*
2	ziIL	*	*
3	ki	*	*

1	3	*	*

1	3	*	*	*

1	3	*	*	*	*	*

1	3	*	*
2	dubsar	*	*

1	3	*	*	*
2	dubsar	Y	scribe.01	*

1	3	*	*
2	dubsar	*	*

1	3	*	*
2	dubsar	*	*

1	3	*	*	*
2	dubsar	Y	scribe.01	*

1	3	*	*

1	3	*	*

1	3	*	*

1	3	*	*

1	3	*	*

1	3	*	*	*

1	3	*	*	*	*
2	ma	*	*	*	*

1	3	*	*
2	ma	*	*

1	3	*	*
2	e	*	*

1	3	*	*

1	3	*	*	*

1	3	*	*	*

1	3	*	*

1	3	*	*

1	3	*	*
2	tu	*	*

1	3	*	*

1	3	*	*

1	nubanda	*	*	*
2	3	*	*	*

1	3	*	*
2	irita	*	*
3	nubanda	*	*





1	e	*	*

1	cabrane	*	*

1	igal	*	*

1	mu	*	*



1	gu	*	*

1	gu	*	*

1	gusuhub	*	*

1	daumma	*	*

1	apisal	*	*

1	guedina	*	*

1	u	*	*

1	ensi	*	*

1	mu	*	*


1	3	*	*
2	gur	*	*
3	3	*	*
4	gur	*	*

1	3	*	*






1	3	*	*	*	*


1	mu	Y	“.01	*


1	u	Y	complete.01	*
2	3	*	*	*

1	3	*	*	*	*




1	harci	Y	“.01	*


1	iti	*	*	*

1	usa	*	*	*


1	3	*	*	*


1	bauca	*	*

1	u	*	*	*
2	3ce	Y	day.01	(A0*
3	geme	*	*	*)

1	3	*	*

1	cunigin	*	*	*
2	3	*	*	*




1	gur	*	*	*	*

1	3	*	*	*
2	sila	*	*	*
3	gur	*	*	*
4	3	*	*	*
5	zi	*	*	*
6	gur	*	*	*

1	3	*	*	*
2	gur	*	*	*
3	3	*	*	*
4	zi	*	*	*
5	3	*	*	*
6	gur	*	*	*

1	3	*	*	*	*	*

1	gur	*	*	*
2	saga	*	*	*
3	gur	*	*	*

1	3	*	*	*	*	*

1	ninda	*	*

1	3	*	*	*	*

1	3	*	*

1	3	*	*


1	gur	*	*




1	3	*	*	*

1	ginta	*	*	*


1	kicib	*	*	*	*


1	3am	*	*	*	*

1	kicib	*	*	*


1	dumu	*	*	*	*



1	kicib	*	*	*	*


1	kicib	*	*	*	*	*




1	u	*	*	*	*
2	3ce	*	*	*	*
3	gura	*	*	*	*

1	3	*	*	*

1	uc	*	*



1	uc	*	*

1	uc	*	*	*




1	3	*	*	*


1	iti	*	*	*






1	balabi	*	*	*	*
2	3	*	*	*	*
3	sila	*	*	*	*
4	gur	*	*	*	*
5	3	*	*	*	*
6	gur	*	*	*	*

1	cunigin	*	*	*
2	3	*	*	*
3	gur	*	*	*
4	3	Y	3.01	*
5	sila	*	*	*
6	3	*	*	*
7	gur	*	*	*

1	cunigin	*	*	*
2	3	*	*	*
3	sila	*	*	*
4	gur	*	*	*
5	3	*	*	(A0*)
6	zi	Y	ban.01	*
7	3	*	*	*
8	gur	*	*	*

1	cunigin	*	*	*
2	ninda	*	*	*
3	ara	Y	ban.01	*
4	ninda	*	*	*

1	balabi	*	*
2	3	*	*

1	cebi	Y	involve.01	*
2	3	*	*	(A1*)
3	gur	*	*	*

1	cunigin	*	*	*	*	*
2	3	*	*	*	*	*



1	3	*	*	*
2	gin	*	*	*



1	usa	*	*	*
2	bahul	*	*	*



1	nubandagu	*	*

1	igal	*	*

1	mu	*	*



1	cabrane	*	*

1	igal	*	*

1	mu	*	*





1	kalga	*	*


1	lugal	Y	king.01	*
2	kiengi	*	*	(A1*)









1	kalga	*	*


1	lugal	Y	king.01	*
2	kiengi	*	*	(A1*)






1	gur	*	*	*








1	mu	*	*


1	gur	*	*	*






1	mu	*	*









1	mu	*	*



1	ce	*	*

1	igal	*	*

1	mu	*	*











1	dumu	Y	son.01	(A0*)















1	an	*	*	*

1	lugal	Y	king.01	*
2	urima	*	*	(A1*)


1	X	*	*







1	udu	*	*

1	girsu	*	*

1	guaba	*	*



1	tug	*	*

1	gabari	*	*

1	kicib	*	*

1	mu	*	*

1	lugaligidu	*	*

1	igal	*	*



1	carakam	*	*

1	igal	*	*

1	mu	*	*



1	erin	*	*

1	erin	*	*

1	erin	*	*

1	erin	*	*

1	erin	*	*

1	u	*	*

1	e	*	*

1	igal	*	*

1	mu	*	*


1	kalga	*	*

1	lugal	*	*

1	lugal	Y	king.02	*
2	an	*	*	(A1*)












1	mu	*	*



1	3kam	*	*

1	3kam	*	*

1	3kam	*	*

1	3kam	*	*

1	3kam	*	*

1	gur	*	*

1	*	*	*

1	gur	*	*



1	gur	*	*

1	ki	*	*

1	gu	*	*

1	gala	*	*

1	gur	*	*

1	gur	*	*

1	gur	*	*










1	mu	*	*


1	3	*	*







1	mu	*	*


1	3	*	*

1	3	*	*
2	kir	*	*





1	mu	*	*	*









1	igal	*	*

1	mu	*	*









1	u	*	*	*
2	e	*	*	*




1	3	*	*
2	acgar	*	*

1	3	*	*
2	niga	*	*




1	3	*	*	*
2	udu	*	*	*
3	nua	*	*	*


1	muku	Y	delivery.01	*
2	niga	*	*	(A1*
3	muku	*	*	*)




1	3	*	*
2	sila	*	*






1	3	*	*

1	3	*	*	*




1	mu	*	*	*




1	3	*	*







1	mu	*	*	*
2	bahul	*	*	*


1	u	*	*	*


1	gaga	Y	carry.01	*

1	n	*	*	(A0*
2	3	*	*	*
3	guruc	*	*	*)
4	gaga	Y	carry.01	*

1	n	*	*	(AM-TMP*)
2	3	*	*	(A1*
3	guruc	*	*	*)
4	gaga	Y	carry.01	*

1	n	*	*	*
2	3	*	*	*
3	guruc	*	*	*

1	3	*	*	*
2	guruc	Y	laborer.01	*
3	ma	*	*	*

1	ma	*	*	*

1	X	*	*	*	*	*

1	X	Y	….01	(A1*)














1	gabari	*	*

1	igal	*	*

1	mu	*	*



1	giri	*	*

1	dumu	*	*

1	mu	*	*



1	girisega	*	*

1	girisega	*	*

1	sipa	*	*

1	u	*	*

1	ugula	*	*

1	igal	*	*

1	mu	*	*






1	3	*	*





1	susudam	*	*


1	mu	*	*






1	kicib	*	*

1	kicib	*	*

1	kicib	*	*

1	kicib	*	*

1	kicib	*	*

1	kicib	*	*

1	kicib	*	*

1	kicib	*	*

1	mu	*	*

1	mu	*	*





1	kalga	*	*


1	lugal	Y	king.02	*
2	an	*	*	(A1*)





1	mu	*	*	*



1	mu	*	*	(AM-TMP*)
2	usa	Y	following.01	*
3	mu	*	*	*
4	baduce	*	*	*


1	ku	*	*

1	kicib	*	*


1	3	*	*









1	kalga	*	*

1	lugal	*	*

1	lugal	Y	king.02	*
2	an	*	*	(A1*)







1	ure	*	*

1	igal	*	*

1	mu	*	*








1	3	*	*	*	*
2	mana	*	*	*	*
3	3	*	*	*	*






1	kicib	*	*

















1	muku	*	*





1	3	*	*
2	sila	*	*






1	3	*	*









1	3	*	*

1	3	*	*	*
2	udu	*	*	*
3	niga	*	*	*

1	3	*	*
2	udu	*	*
3	niga	*	*

1	3	*	*	*
2	udu	*	*	*
3	niga	*	*	*
4	lu	Y	man.02	(A0*)

1	muku	*	*	*





1	3	*	*






1	3	*	*
2	sila	*	*











1	3	*	*
2	sila	*	*









1	3	*	*
2	sila	*	*











1	3	*	*













1	3	*	*	*
2	muku	Y	delivery.01	*

1	3	*	*	*
2	sila	*	*	*
3	muku	Y	delivery.01	*

1	3	*	*	*
2	sila	*	*	*
3	muku	Y	delivery.01	*






1	3	*	*	*
2	muku	Y	delivery.01	*

1	3	*	*	*
2	sila	*	*	*
3	muku	Y	delivery.01	*

1	3	*	*	*
2	sila	*	*	*
3	muku	Y	delivery.01	*

1	3	*	*	*
2	niga	*	*	*
3	muku	Y	delivery.01	*
4	niga	*	*	*

1	3	*	*	*






1	cunigin	*	*
2	3	*	*
3	acgar	*	*
4	niga	*	*

1	cunigin	*	*
2	3	*	*

1	cunigin	*	*
2	3	*	*

1	cunigin	*	*
2	3	*	*

1	cunigin	*	*
2	3	*	*





1	cunigin	*	*
2	3	*	*
3	niga	*	*

1	cunigin	*	*
2	3	*	*
3	udu	*	*

1	cunigin	*	*
2	3	*	*




1	niginba	*	*
2	3	*	*

1	niginba	*	*
2	3	*	*

1	niginba	*	*
2	3	*	*

1	niginba	*	*
2	3	*	*

1	niginba	*	*
2	3	*	*

1	niginba	*	*
2	3	*	*

1	niginba	Y	total.01	*
2	3	*	*	*
3	hia	*	*	*

1	niginba	Y	total.01	*
2	3	*	*	(A2*)

1	niginba	Y	total.01	(A1*
2	3	*	*	*)

1	3	*	*	*



1	mu	*	*

1	kicib	*	*	*	*

1	3	*	*	*
2	gur	*	*	*


1	kicib	Y	seal.01	*

1	3	*	*	(A1*
2	sila	*	*	*)
3	3	Y	3.01	*
4	gur	*	*	*

1	3	*	*
2	gig	*	*
3	3	*	*


1	kicib	Y	seal.01	*

1	3	*	*	*
2	kicib	Y	seal.01	*

1	3	*	*	*

1	3	*	*

1	3	*	*	*	*
2	gur	*	*	*	*
3	3	*	*	*	*
4	bura	*	*	*	*

1	dumu	*	*



1	kicib	Y	seal.01	*

1	3	*	*	*
2	kicib	Y	seal.01	*
3	dumu	*	*	(A1*)

1	3	*	*	*	*
2	gida	*	*	*	*

1	kicib	*	*	*



1	kicib	Y	seal.01	*
2	dumu	*	*	(A1*)

1	3	*	*	*	*
2	gur	*	*	*	*

1	cunigin	*	*
2	3	*	*


1	ce	*	*	*


1	mu	*	*	*







1	abagina	*	*	*










1	gur	*	*

1	3	*	*	*



1	3	*	*

1	kubabbar	*	*
2	cunigin	*	*
3	3	*	*
4	mana	*	*




1	3	*	*
2	mana	*	*

1	3	*	*
2	gin	*	*
3	3	*	*

1	3	*	*	*



1	3	*	*	*
2	ce	Y	grain.02	*

1	3	*	*
2	*	*	*
3	3	*	*

1	3	*	*	*

1	3	*	*

1	kicib	*	*	*	*



1	kicib	*	*	*


1	3	*	*	*	*



1	3	*	*	*	*

1	sila	*	*

1	3	*	*



1	3	*	*	*

1	3	*	*

1	igi3gal	*	*	*





1	3	*	*	*


1	kicib	*	*	*


1	ku	*	*

1	kubabbar	*	*








1	mu	*	*







1	mu	*	*




1	lugalsaga	*	*

1	kaguru	*	*

1	kaguru	*	*

1	u	*	*

1	dumu	*	*

1	igal	*	*

1	urlamma	*	*

1	ensi	*	*

1	mu	*	*







1	a	*	*

1	ugula	*	*

1	igal	*	*

1	mu	*	*




1	mu	*	*	*





1	dumu	Y	son.01	(A0*)

1	dumu	Y	son.01	(A0*)

1	dumu	Y	son.01	(A0*)

1	dumu	Y	son.01	(A0*)













1	mu	*	*




1	siki	Y	wool.01	*











1	3	*	*
2	mana	*	*
3	siki	*	*






1	u	*	*

1	urcugalama	*	*

1	u	*	*

1	igal	*	*

1	mu	*	*





1	kalga	*	*

1	lugal	*	*

1	lugal	Y	king.02	*
2	an	*	*	(A1*)













1	3	*	*	(A1*
2	niga	Y	barley-f.01	*)

1	3	*	*	*

1	3	*	*

1	3	*	*

1	3	*	*




1	mu	*	*	*










1	mu	*	*	*




1	X	*	*



1	X	*	*
2	mah	*	*




1	i	*	*
2	kisura	*	*




1	X	*	*




1	X	*	*

1	X	Y	….01	*







1	X	*	*

1	X	*	*

1	X	*	*

1	X	Y	….01	*

1	X	*	*

1	X	Y	….01	*

1	X	*	*

1	X	Y	….01	*




1	urbaba	*	*

1	lammairina	*	*

1	u	*	*

1	dumu	*	*

1	igal	*	*

1	mu	*	*



1	u	*	*

1	kaguru	*	*

1	igal	*	*



1	e	*	*

1	e	*	*

1	e	*	*

1	u	*	*

1	igal	*	*

1	X	*	*

1	mu	*	*



1	u	*	*


1	3	*	*	*
2	kubi	*	*	*

1	3am	*	*

1	3	*	*	*
2	kubi	*	*	*


1	X	*	*	*

1	X	*	*	*
2	mubim	Y	name.01	(A2*)

1	X	*	*	*



1	3	*	*



1	X	*	*




1	3	*	*	*

1	3	*	*	*

1	3	*	*

1	3	*	*	*





1	3	*	*

1	3	*	*

1	3	*	*	*

1	3	*	*






1	mu	*	*




1	3	*	*

1	n	*	*


1	X	*	*

1	X	*	*

1	X	*	*






1	mu	*	*
2	en	*	*


1	3	*	*




1	mu	*	*





1	3	*	*
2	geme	*	*
3	3	*	*



1	3	*	*
2	geme	*	*
3	3	*	*



1	3	*	*
2	geme	*	*
3	3	*	*



1	3	*	*
2	geme	*	*
3	3	*	*



1	3	*	*
2	geme	*	*
3	3	*	*



1	3	*	*
2	geme	*	*
3	3	*	*



1	3	*	*
2	geme	*	*
3	3	*	*



1	3	*	*
2	geme	*	*
3	3	*	*


1	3	*	*	*

1	3	*	*
2	geme	*	*
3	3	*	*



1	3	*	*
2	geme	*	*
3	3	*	*



1	3	*	*
2	geme	*	*
3	3	*	*



1	3	*	*
2	geme	*	*
3	3	*	*



1	cunigin	*	*
2	3	*	*
3	geme	*	*
4	3	*	*

1	iti	*	*

1	3	*	*

1	geme	*	*
2	igi	*	*
3	3	*	*
4	igi	*	*
5	3galbi	*	*
6	3	*	*
7	igi	*	*
8	3	*	*

1	geme	*	*
2	3	*	*


1	iti	*	*

1	mu	*	*


1	pisanduba	*	*


1	ugua	*	*

1	u	*	*

1	igal	*	*




1	e	Y	house	*

1	e	Y	house	*

1	e	Y	house	*

1	e	Y	house	*

1	e	Y	house	*

1	e	Y	house	*

1	e	Y	house	*





1	kalga	*	*

1	lugal	*	*

1	lugal	Y	king.02	*
2	an	*	*	(A1*)




1	*	*	*


1	3	*	*
2	ga	*	*

1	3	*	*	*

1	3	*	*

1	3	*	*




1	3	*	*



1	3	*	*



1	3	*	*	(A1*
2	sila	*	*	*)
3	ur	Y	shorn.01	*

1	3	*	*	*	*



1	cunigin	*	*
2	3	*	*
3	sila	*	*

1	cunigin	*	*	*
2	3	*	*	*

1	cunigin	*	*	*
2	3	*	*	*

1	mu	*	*



1	X	*	*

1	X	*	*

1	igal	*	*


1	kalga	*	*

1	lugal	*	*

1	lugal	Y	king.02	*
2	an	*	*	(A1*)





1	kalga	*	*


1	lugal	Y	king.01	*
2	kiengi	*	*	(A1*)







1	kalga	*	*


1	lugal	Y	king.02	(A0*
2	kiengi	*	*	*)




1	3	*	*
2	bari	*	*
3	imtur	*	*

1	gur	*	*	*
2	sila	*	*	*

1	3	*	*	*	*

1	3	*	*
2	imtur	*	*

1	3	*	*	*

1	3	*	*	*
2	sila	*	*	*

1	3	*	*
2	sila	*	*







1	situm	*	*

1	ugnimkene	*	*

1	igal	*	*

1	mu	*	*





1	mu	*	*

1	iti	*	*	*	*

1	mu	*	*	*




1	kalga	*	*

1	lugal	*	*

1	lugal	Y	king.02	*
2	an	*	*	(A1*)






